Release 14.7 - xst P.20131013 (nt64)
Copyright (c) 1995-2013 Xilinx, Inc.  All rights reserved.
--> Parameter TMPDIR set to xst/projnav.tmp


Total REAL time to Xst completion: 0.00 secs
Total CPU time to Xst completion: 0.21 secs
 
--> Parameter xsthdpdir set to xst


Total REAL time to Xst completion: 0.00 secs
Total CPU time to Xst completion: 0.22 secs
 
--> Reading design: fsm.prj

TABLE OF CONTENTS
  1) Synthesis Options Summary
  2) HDL Parsing
  3) HDL Elaboration
  4) HDL Synthesis
       4.1) HDL Synthesis Report
  5) Advanced HDL Synthesis
       5.1) Advanced HDL Synthesis Report
  6) Low Level Synthesis
  7) Partition Report
  8) Design Summary
       8.1) Primitive and Black Box Usage
       8.2) Device utilization summary
       8.3) Partition Resource Summary
       8.4) Timing Report
            8.4.1) Clock Information
            8.4.2) Asynchronous Control Signals Information
            8.4.3) Timing Summary
            8.4.4) Timing Details
            8.4.5) Cross Clock Domains Report


=========================================================================
*                      Synthesis Options Summary                        *
=========================================================================
---- Source Parameters
Input File Name                    : "fsm.prj"
Ignore Synthesis Constraint File   : NO

---- Target Parameters
Output File Name                   : "fsm"
Output Format                      : NGC
Target Device                      : xc6slx4-2-cpg196

---- Source Options
Top Module Name                    : fsm
Automatic FSM Extraction           : YES
FSM Encoding Algorithm             : Auto
Safe Implementation                : No
FSM Style                          : LUT
RAM Extraction                     : Yes
RAM Style                          : Auto
ROM Extraction                     : Yes
Shift Register Extraction          : YES
ROM Style                          : Auto
Resource Sharing                   : YES
Asynchronous To Synchronous        : NO
Shift Register Minimum Size        : 2
Use DSP Block                      : Auto
Automatic Register Balancing       : No

---- Target Options
LUT Combining                      : Auto
Reduce Control Sets                : Auto
Add IO Buffers                     : YES
Global Maximum Fanout              : 100000
Add Generic Clock Buffer(BUFG)     : 16
Register Duplication               : YES
Optimize Instantiated Primitives   : NO
Use Clock Enable                   : Auto
Use Synchronous Set                : Auto
Use Synchronous Reset              : Auto
Pack IO Registers into IOBs        : Auto
Equivalent register Removal        : YES

---- General Options
Optimization Goal                  : Speed
Optimization Effort                : 1
Power Reduction                    : NO
Keep Hierarchy                     : No
Netlist Hierarchy                  : As_Optimized
RTL Output                         : Yes
Global Optimization                : AllClockNets
Read Cores                         : YES
Write Timing Constraints           : NO
Cross Clock Analysis               : NO
Hierarchy Separator                : /
Bus Delimiter                      : <>
Case Specifier                     : Maintain
Slice Utilization Ratio            : 100
BRAM Utilization Ratio             : 100
DSP48 Utilization Ratio            : 100
Auto BRAM Packing                  : NO
Slice Utilization Ratio Delta      : 5

---- Other Options
Cores Search Directories           : {"ipcore_dir"  }

=========================================================================


=========================================================================
*                          HDL Parsing                                  *
=========================================================================
Parsing VHDL file "\\warehouse2\home\lbremer\cse462\Loopback_FSM\ipcore_dir\dcm.vhd" into library work
Parsing entity <dcm>.
Parsing architecture <xilinx> of entity <dcm>.
Parsing VHDL file "\\warehouse2\home\lbremer\cse462\Loopback_FSM\fsm.vhd" into library work
Parsing entity <fsm>.
Parsing architecture <Behavioral> of entity <fsm>.

=========================================================================
*                            HDL Elaboration                            *
=========================================================================

Elaborating entity <fsm> (architecture <Behavioral>) from library <work>.

Elaborating entity <dcm> (architecture <xilinx>) from library <work>.

=========================================================================
*                           HDL Synthesis                               *
=========================================================================

Synthesizing Unit <fsm>.
    Related source file is "\\warehouse2\home\lbremer\cse462\Loopback_FSM\fsm.vhd".
    Found 3-bit register for signal <state>.
    Found 8-bit register for signal <sigout>.
    Found 26-bit register for signal <led_counter>.
    Found 8-bit register for signal <D_int>.
    Found finite state machine <FSM_0> for signal <state>.
    -----------------------------------------------------------------------
    | States             | 8                                              |
    | Transitions        | 10                                             |
    | Inputs             | 2                                              |
    | Outputs            | 6                                              |
    | Clock              | clk (rising_edge)                              |
    | Reset              | reset_ext (positive)                           |
    | Reset type         | synchronous                                    |
    | Reset State        | s0                                             |
    | Power Up State     | s0                                             |
    | Encoding           | auto                                           |
    | Implementation     | LUT                                            |
    -----------------------------------------------------------------------
    Found 26-bit adder for signal <led_counter[25]_GND_6_o_add_16_OUT> created at line 212.
    Found 1-bit tristate buffer for signal <Data<7>> created at line 91
    Found 1-bit tristate buffer for signal <Data<6>> created at line 91
    Found 1-bit tristate buffer for signal <Data<5>> created at line 91
    Found 1-bit tristate buffer for signal <Data<4>> created at line 91
    Found 1-bit tristate buffer for signal <Data<3>> created at line 91
    Found 1-bit tristate buffer for signal <Data<2>> created at line 91
    Found 1-bit tristate buffer for signal <Data<1>> created at line 91
    Found 1-bit tristate buffer for signal <Data<0>> created at line 91
    Summary:
	inferred   1 Adder/Subtractor(s).
	inferred  42 D-type flip-flop(s).
	inferred   8 Tristate(s).
	inferred   1 Finite State Machine(s).
Unit <fsm> synthesized.

Synthesizing Unit <dcm>.
    Related source file is "\\warehouse2\home\lbremer\cse462\Loopback_FSM\ipcore_dir\dcm.vhd".
    Summary:
	no macro.
Unit <dcm> synthesized.

=========================================================================
HDL Synthesis Report

Macro Statistics
# Adders/Subtractors                                   : 1
 26-bit adder                                          : 1
# Registers                                            : 3
 26-bit register                                       : 1
 8-bit register                                        : 2
# Tristates                                            : 8
 1-bit tristate buffer                                 : 8
# FSMs                                                 : 1

=========================================================================

=========================================================================
*                       Advanced HDL Synthesis                          *
=========================================================================


Synthesizing (advanced) Unit <fsm>.
The following registers are absorbed into counter <led_counter>: 1 register on signal <led_counter>.
Unit <fsm> synthesized (advanced).

=========================================================================
Advanced HDL Synthesis Report

Macro Statistics
# Counters                                             : 1
 26-bit up counter                                     : 1
# Registers                                            : 16
 Flip-Flops                                            : 16
# FSMs                                                 : 1

=========================================================================

=========================================================================
*                         Low Level Synthesis                           *
=========================================================================
Analyzing FSM <MFsm> for best encoding.
Optimizing FSM <FSM_0> on signal <state[1:8]> with one-hot encoding.
-------------------
 State | Encoding
-------------------
 s0    | 00000001
 s1    | 00000010
 s2    | 00000100
 s3    | 00001000
 s4    | 00010000
 s5    | 00100000
 s6    | 01000000
 s7    | 10000000
-------------------

Optimizing unit <fsm> ...

Mapping all equations...
Building and optimizing final netlist ...
Found area constraint ratio of 100 (+ 5) on block fsm, actual ratio is 2.

Final Macro Processing ...

=========================================================================
Final Register Report

Macro Statistics
# Registers                                            : 50
 Flip-Flops                                            : 50

=========================================================================

=========================================================================
*                           Partition Report                            *
=========================================================================

Partition Implementation Status
-------------------------------

  No Partitions were found in this design.

-------------------------------

=========================================================================
*                            Design Summary                             *
=========================================================================

Top Level Output File Name         : fsm.ngc

Primitive and Black Box Usage:
------------------------------
# BELS                             : 87
#      GND                         : 1
#      INV                         : 4
#      LUT1                        : 25
#      LUT2                        : 1
#      LUT3                        : 4
#      MUXCY                       : 25
#      VCC                         : 1
#      XORCY                       : 26
# FlipFlops/Latches                : 50
#      FD                          : 2
#      FDE                         : 8
#      FDR                         : 39
#      FDS                         : 1
# Clock Buffers                    : 2
#      BUFG                        : 2
# IO Buffers                       : 34
#      IBUF                        : 3
#      IBUFDS                      : 8
#      IBUFG                       : 1
#      IOBUF                       : 8
#      OBUF                        : 14
# DCMs                             : 1
#      DCM_SP                      : 1

Device utilization summary:
---------------------------

Selected Device : 6slx4cpg196-2 


Slice Logic Utilization: 
 Number of Slice Registers:              34  out of   4800     0%  
 Number of Slice LUTs:                   34  out of   2400     1%  
    Number used as Logic:                34  out of   2400     1%  

Slice Logic Distribution: 
 Number of LUT Flip Flop pairs used:     36
   Number with an unused Flip Flop:       2  out of     36     5%  
   Number with an unused LUT:             2  out of     36     5%  
   Number of fully used LUT-FF pairs:    32  out of     36    88%  
   Number of unique control sets:         4

IO Utilization: 
 Number of IOs:                          42
 Number of bonded IOBs:                  42  out of    106    39%  
    IOB Flip Flops/Latches:              16

Specific Feature Utilization:
 Number of BUFG/BUFGCTRLs:                2  out of     16    12%  

---------------------------
Partition Resource Summary:
---------------------------

  No Partitions were found in this design.

---------------------------


=========================================================================
Timing Report

NOTE: THESE TIMING NUMBERS ARE ONLY A SYNTHESIS ESTIMATE.
      FOR ACCURATE TIMING INFORMATION PLEASE REFER TO THE TRACE REPORT
      GENERATED AFTER PLACE-and-ROUTE.

Clock Information:
------------------
-----------------------------------+------------------------+-------+
Clock Signal                       | Clock buffer(FF name)  | Load  |
-----------------------------------+------------------------+-------+
clk_ext                            | DCM_SP:CLKFX           | 8     |
clk_ext                            | DCM_SP:CLK0            | 42    |
-----------------------------------+------------------------+-------+

Asynchronous Control Signals Information:
----------------------------------------
No asynchronous control signals found in this design

Timing Summary:
---------------
Speed Grade: -2

   Minimum period: 2.514ns (Maximum Frequency: 397.772MHz)
   Minimum input arrival time before clock: 3.473ns
   Maximum output required time after clock: 5.411ns
   Maximum combinational path delay: No path found

Timing Details:
---------------
All values displayed in nanoseconds (ns)

=========================================================================
Timing constraint: Default period analysis for Clock 'clk_ext'
  Clock period: 2.514ns (frequency: 397.772MHz)
  Total number of paths / destination ports: 369 / 42
-------------------------------------------------------------------------
Delay:               2.514ns (Levels of Logic = 27)
  Source:            led_counter_0 (FF)
  Destination:       led_counter_25 (FF)
  Source Clock:      clk_ext rising
  Destination Clock: clk_ext rising

  Data Path: led_counter_0 to led_counter_25
                                Gate     Net
    Cell:in->out      fanout   Delay   Delay  Logical Name (Net Name)
    ----------------------------------------  ------------
     FDR:C->Q              1   0.525   0.681  led_counter_0 (led_counter_0)
     INV:I->O              1   0.255   0.000  Mcount_led_counter_lut<0>_INV_0 (Mcount_led_counter_lut<0>)
     MUXCY:S->O            1   0.215   0.000  Mcount_led_counter_cy<0> (Mcount_led_counter_cy<0>)
     MUXCY:CI->O           1   0.023   0.000  Mcount_led_counter_cy<1> (Mcount_led_counter_cy<1>)
     MUXCY:CI->O           1   0.023   0.000  Mcount_led_counter_cy<2> (Mcount_led_counter_cy<2>)
     MUXCY:CI->O           1   0.023   0.000  Mcount_led_counter_cy<3> (Mcount_led_counter_cy<3>)
     MUXCY:CI->O           1   0.023   0.000  Mcount_led_counter_cy<4> (Mcount_led_counter_cy<4>)
     MUXCY:CI->O           1   0.023   0.000  Mcount_led_counter_cy<5> (Mcount_led_counter_cy<5>)
     MUXCY:CI->O           1   0.023   0.000  Mcount_led_counter_cy<6> (Mcount_led_counter_cy<6>)
     MUXCY:CI->O           1   0.023   0.000  Mcount_led_counter_cy<7> (Mcount_led_counter_cy<7>)
     MUXCY:CI->O           1   0.023   0.000  Mcount_led_counter_cy<8> (Mcount_led_counter_cy<8>)
     MUXCY:CI->O           1   0.023   0.000  Mcount_led_counter_cy<9> (Mcount_led_counter_cy<9>)
     MUXCY:CI->O           1   0.023   0.000  Mcount_led_counter_cy<10> (Mcount_led_counter_cy<10>)
     MUXCY:CI->O           1   0.023   0.000  Mcount_led_counter_cy<11> (Mcount_led_counter_cy<11>)
     MUXCY:CI->O           1   0.023   0.000  Mcount_led_counter_cy<12> (Mcount_led_counter_cy<12>)
     MUXCY:CI->O           1   0.023   0.000  Mcount_led_counter_cy<13> (Mcount_led_counter_cy<13>)
     MUXCY:CI->O           1   0.023   0.000  Mcount_led_counter_cy<14> (Mcount_led_counter_cy<14>)
     MUXCY:CI->O           1   0.023   0.000  Mcount_led_counter_cy<15> (Mcount_led_counter_cy<15>)
     MUXCY:CI->O           1   0.023   0.000  Mcount_led_counter_cy<16> (Mcount_led_counter_cy<16>)
     MUXCY:CI->O           1   0.023   0.000  Mcount_led_counter_cy<17> (Mcount_led_counter_cy<17>)
     MUXCY:CI->O           1   0.023   0.000  Mcount_led_counter_cy<18> (Mcount_led_counter_cy<18>)
     MUXCY:CI->O           1   0.023   0.000  Mcount_led_counter_cy<19> (Mcount_led_counter_cy<19>)
     MUXCY:CI->O           1   0.023   0.000  Mcount_led_counter_cy<20> (Mcount_led_counter_cy<20>)
     MUXCY:CI->O           1   0.023   0.000  Mcount_led_counter_cy<21> (Mcount_led_counter_cy<21>)
     MUXCY:CI->O           1   0.023   0.000  Mcount_led_counter_cy<22> (Mcount_led_counter_cy<22>)
     MUXCY:CI->O           1   0.023   0.000  Mcount_led_counter_cy<23> (Mcount_led_counter_cy<23>)
     MUXCY:CI->O           0   0.023   0.000  Mcount_led_counter_cy<24> (Mcount_led_counter_cy<24>)
     XORCY:CI->O           1   0.206   0.000  Mcount_led_counter_xor<25> (Result<25>)
     FDR:D                     0.074          led_counter_25
    ----------------------------------------
    Total                      2.514ns (1.833ns logic, 0.681ns route)
                                       (72.9% logic, 27.1% route)

=========================================================================
Timing constraint: Default OFFSET IN BEFORE for Clock 'clk_ext'
  Total number of paths / destination ports: 70 / 60
-------------------------------------------------------------------------
Offset:              3.473ns (Levels of Logic = 1)
  Source:            reset_ext (PAD)
  Destination:       sigout_0 (FF)
  Destination Clock: clk_ext rising 4.0X

  Data Path: reset_ext to sigout_0
                                Gate     Net
    Cell:in->out      fanout   Delay   Delay  Logical Name (Net Name)
    ----------------------------------------  ------------
     IBUF:I->O            42   1.328   1.686  reset_ext_IBUF (reset_ext_IBUF)
     FDR:R                     0.459          sigout_0
    ----------------------------------------
    Total                      3.473ns (1.787ns logic, 1.686ns route)
                                       (51.5% logic, 48.5% route)

=========================================================================
Timing constraint: Default OFFSET OUT AFTER for Clock 'clk_ext'
  Total number of paths / destination ports: 31 / 22
-------------------------------------------------------------------------
Offset:              5.411ns (Levels of Logic = 2)
  Source:            state_FSM_FFd6 (FF)
  Destination:       OE_L (PAD)
  Source Clock:      clk_ext rising

  Data Path: state_FSM_FFd6 to OE_L
                                Gate     Net
    Cell:in->out      fanout   Delay   Delay  Logical Name (Net Name)
    ----------------------------------------  ------------
     FDR:C->Q             11   0.525   1.039  state_FSM_FFd6 (state_FSM_FFd6)
     LUT2:I1->O            1   0.254   0.681  state__n0057<0>1 (OE_L_OBUF)
     OBUF:I->O                 2.912          OE_L_OBUF (OE_L)
    ----------------------------------------
    Total                      5.411ns (3.691ns logic, 1.720ns route)
                                       (68.2% logic, 31.8% route)

=========================================================================

Cross Clock Domains Report:
--------------------------

Clock to Setup on destination clock clk_ext
---------------+---------+---------+---------+---------+
               | Src:Rise| Src:Fall| Src:Rise| Src:Fall|
Source Clock   |Dest:Rise|Dest:Rise|Dest:Fall|Dest:Fall|
---------------+---------+---------+---------+---------+
clk_ext        |    2.514|         |         |         |
---------------+---------+---------+---------+---------+

=========================================================================


Total REAL time to Xst completion: 14.00 secs
Total CPU time to Xst completion: 13.34 secs
 
--> 

Total memory usage is 273696 kilobytes

Number of errors   :    0 (   0 filtered)
Number of warnings :    0 (   0 filtered)
Number of infos    :    0 (   0 filtered)

